// Jest Snapshot v1, https://goo.gl/fbAQLP

exports[`GridView4 renders correctly 1`] = `
<View
  style={
    [
      {
        "height": 712.5,
        "width": 712.5,
      },
    ]
  }
>
  <View
    style={
      [
        {
          "alignSelf": "center",
          "backgroundColor": "rgb(187, 173, 160)",
          "borderRadius": 10,
          "justifyContent": "space-evenly",
        },
        {
          "height": 712.5,
          "width": 712.5,
        },
      ]
    }
  >
    <View
      style={
        {
          "flexDirection": "row",
          "height": "22%",
          "justifyContent": "space-evenly",
        }
      }
    >
      <View
        style={
          [
            {
              "backgroundColor": "white",
              "borderRadius": 10,
              "justifyContent": "center",
              "textAlign": "center",
              "width": "22%",
            },
            {
              "backgroundColor": "rgb(214, 205, 196)",
            },
          ]
        }
      >
        <Text
          style={
            [
              {
                "textAlign": "center",
              },
              {
                "color": "rgb(119, 110, 101)",
              },
              {
                "fontSize": 58.16326530612245,
              },
            ]
          }
        />
      </View>
      <View
        style={
          [
            {
              "backgroundColor": "white",
              "borderRadius": 10,
              "justifyContent": "center",
              "textAlign": "center",
              "width": "22%",
            },
            {
              "backgroundColor": "rgb(214, 205, 196)",
            },
          ]
        }
      >
        <Text
          style={
            [
              {
                "textAlign": "center",
              },
              {
                "color": "rgb(119, 110, 101)",
              },
              {
                "fontSize": 58.16326530612245,
              },
            ]
          }
        />
      </View>
      <View
        style={
          [
            {
              "backgroundColor": "white",
              "borderRadius": 10,
              "justifyContent": "center",
              "textAlign": "center",
              "width": "22%",
            },
            {
              "backgroundColor": "rgb(238, 228, 218)",
            },
          ]
        }
      >
        <Text
          style={
            [
              {
                "textAlign": "center",
              },
              {
                "color": "rgb(119, 110, 101)",
              },
              {
                "fontSize": 58.16326530612245,
              },
            ]
          }
        >
          2
        </Text>
      </View>
      <View
        style={
          [
            {
              "backgroundColor": "white",
              "borderRadius": 10,
              "justifyContent": "center",
              "textAlign": "center",
              "width": "22%",
            },
            {
              "backgroundColor": "rgb(214, 205, 196)",
            },
          ]
        }
      >
        <Text
          style={
            [
              {
                "textAlign": "center",
              },
              {
                "color": "rgb(119, 110, 101)",
              },
              {
                "fontSize": 58.16326530612245,
              },
            ]
          }
        />
      </View>
    </View>
    <View
      style={
        {
          "flexDirection": "row",
          "height": "22%",
          "justifyContent": "space-evenly",
        }
      }
    >
      <View
        style={
          [
            {
              "backgroundColor": "white",
              "borderRadius": 10,
              "justifyContent": "center",
              "textAlign": "center",
              "width": "22%",
            },
            {
              "backgroundColor": "rgb(236, 224, 200)",
            },
          ]
        }
      >
        <Text
          style={
            [
              {
                "textAlign": "center",
              },
              {
                "color": "rgb(119, 110, 101)",
              },
              {
                "fontSize": 58.16326530612245,
              },
            ]
          }
        >
          4
        </Text>
      </View>
      <View
        style={
          [
            {
              "backgroundColor": "white",
              "borderRadius": 10,
              "justifyContent": "center",
              "textAlign": "center",
              "width": "22%",
            },
            {
              "backgroundColor": "rgb(214, 205, 196)",
            },
          ]
        }
      >
        <Text
          style={
            [
              {
                "textAlign": "center",
              },
              {
                "color": "rgb(119, 110, 101)",
              },
              {
                "fontSize": 58.16326530612245,
              },
            ]
          }
        />
      </View>
      <View
        style={
          [
            {
              "backgroundColor": "white",
              "borderRadius": 10,
              "justifyContent": "center",
              "textAlign": "center",
              "width": "22%",
            },
            {
              "backgroundColor": "rgb(236, 224, 200)",
            },
          ]
        }
      >
        <Text
          style={
            [
              {
                "textAlign": "center",
              },
              {
                "color": "rgb(119, 110, 101)",
              },
              {
                "fontSize": 58.16326530612245,
              },
            ]
          }
        >
          4
        </Text>
      </View>
      <View
        style={
          [
            {
              "backgroundColor": "white",
              "borderRadius": 10,
              "justifyContent": "center",
              "textAlign": "center",
              "width": "22%",
            },
            {
              "backgroundColor": "rgb(214, 205, 196)",
            },
          ]
        }
      >
        <Text
          style={
            [
              {
                "textAlign": "center",
              },
              {
                "color": "rgb(119, 110, 101)",
              },
              {
                "fontSize": 58.16326530612245,
              },
            ]
          }
        />
      </View>
    </View>
    <View
      style={
        {
          "flexDirection": "row",
          "height": "22%",
          "justifyContent": "space-evenly",
        }
      }
    >
      <View
        style={
          [
            {
              "backgroundColor": "white",
              "borderRadius": 10,
              "justifyContent": "center",
              "textAlign": "center",
              "width": "22%",
            },
            {
              "backgroundColor": "rgb(242, 177, 121)",
            },
          ]
        }
      >
        <Text
          style={
            [
              {
                "textAlign": "center",
              },
              {
                "color": "rgb(249, 246, 241)",
              },
              {
                "fontSize": 58.16326530612245,
              },
            ]
          }
        >
          8
        </Text>
      </View>
      <View
        style={
          [
            {
              "backgroundColor": "white",
              "borderRadius": 10,
              "justifyContent": "center",
              "textAlign": "center",
              "width": "22%",
            },
            {
              "backgroundColor": "rgb(236, 224, 200)",
            },
          ]
        }
      >
        <Text
          style={
            [
              {
                "textAlign": "center",
              },
              {
                "color": "rgb(119, 110, 101)",
              },
              {
                "fontSize": 58.16326530612245,
              },
            ]
          }
        >
          4
        </Text>
      </View>
      <View
        style={
          [
            {
              "backgroundColor": "white",
              "borderRadius": 10,
              "justifyContent": "center",
              "textAlign": "center",
              "width": "22%",
            },
            {
              "backgroundColor": "rgb(242, 177, 121)",
            },
          ]
        }
      >
        <Text
          style={
            [
              {
                "textAlign": "center",
              },
              {
                "color": "rgb(249, 246, 241)",
              },
              {
                "fontSize": 58.16326530612245,
              },
            ]
          }
        >
          8
        </Text>
      </View>
      <View
        style={
          [
            {
              "backgroundColor": "white",
              "borderRadius": 10,
              "justifyContent": "center",
              "textAlign": "center",
              "width": "22%",
            },
            {
              "backgroundColor": "rgb(245, 149, 99)",
            },
          ]
        }
      >
        <Text
          style={
            [
              {
                "textAlign": "center",
              },
              {
                "color": "rgb(249, 246, 241)",
              },
              {
                "fontSize": 58.16326530612245,
              },
            ]
          }
        >
          16
        </Text>
      </View>
    </View>
    <View
      style={
        {
          "flexDirection": "row",
          "height": "22%",
          "justifyContent": "space-evenly",
        }
      }
    >
      <View
        style={
          [
            {
              "backgroundColor": "white",
              "borderRadius": 10,
              "justifyContent": "center",
              "textAlign": "center",
              "width": "22%",
            },
            {
              "backgroundColor": "rgb(246, 93, 59)",
            },
          ]
        }
      >
        <Text
          style={
            [
              {
                "textAlign": "center",
              },
              {
                "color": "rgb(249, 246, 241)",
              },
              {
                "fontSize": 58.16326530612245,
              },
            ]
          }
        >
          64
        </Text>
      </View>
      <View
        style={
          [
            {
              "backgroundColor": "white",
              "borderRadius": 10,
              "justifyContent": "center",
              "textAlign": "center",
              "width": "22%",
            },
            {
              "backgroundColor": "rgb(242, 177, 121)",
            },
          ]
        }
      >
        <Text
          style={
            [
              {
                "textAlign": "center",
              },
              {
                "color": "rgb(249, 246, 241)",
              },
              {
                "fontSize": 58.16326530612245,
              },
            ]
          }
        >
          8
        </Text>
      </View>
      <View
        style={
          [
            {
              "backgroundColor": "white",
              "borderRadius": 10,
              "justifyContent": "center",
              "textAlign": "center",
              "width": "22%",
            },
            {
              "backgroundColor": "rgb(245, 124, 95)",
            },
          ]
        }
      >
        <Text
          style={
            [
              {
                "textAlign": "center",
              },
              {
                "color": "rgb(249, 246, 241)",
              },
              {
                "fontSize": 58.16326530612245,
              },
            ]
          }
        >
          32
        </Text>
      </View>
      <View
        style={
          [
            {
              "backgroundColor": "white",
              "borderRadius": 10,
              "justifyContent": "center",
              "textAlign": "center",
              "width": "22%",
            },
            {
              "backgroundColor": "rgb(245, 124, 95)",
            },
          ]
        }
      >
        <Text
          style={
            [
              {
                "textAlign": "center",
              },
              {
                "color": "rgb(249, 246, 241)",
              },
              {
                "fontSize": 58.16326530612245,
              },
            ]
          }
        >
          32
        </Text>
      </View>
    </View>
  </View>
</View>
`;

exports[`renders correctly 1`] = `
<View
  style={
    [
      {
        "height": 712.5,
        "width": 712.5,
      },
    ]
  }
>
  <View
    style={
      [
        {
          "alignSelf": "center",
          "backgroundColor": "rgb(187, 173, 160)",
          "borderRadius": 10,
          "justifyContent": "space-evenly",
        },
        {
          "height": 712.5,
          "width": 712.5,
        },
      ]
    }
  >
    <View
      style={
        {
          "flexDirection": "row",
          "height": "22%",
          "justifyContent": "space-evenly",
        }
      }
    >
      <View
        style={
          [
            {
              "backgroundColor": "white",
              "borderRadius": 10,
              "justifyContent": "center",
              "textAlign": "center",
              "width": "22%",
            },
            {
              "backgroundColor": "rgb(214, 205, 196)",
            },
          ]
        }
      >
        <Text
          style={
            [
              {
                "textAlign": "center",
              },
              {
                "color": "rgb(119, 110, 101)",
              },
              {
                "fontSize": 58.16326530612245,
              },
            ]
          }
        />
      </View>
      <View
        style={
          [
            {
              "backgroundColor": "white",
              "borderRadius": 10,
              "justifyContent": "center",
              "textAlign": "center",
              "width": "22%",
            },
            {
              "backgroundColor": "rgb(214, 205, 196)",
            },
          ]
        }
      >
        <Text
          style={
            [
              {
                "textAlign": "center",
              },
              {
                "color": "rgb(119, 110, 101)",
              },
              {
                "fontSize": 58.16326530612245,
              },
            ]
          }
        />
      </View>
      <View
        style={
          [
            {
              "backgroundColor": "white",
              "borderRadius": 10,
              "justifyContent": "center",
              "textAlign": "center",
              "width": "22%",
            },
            {
              "backgroundColor": "rgb(238, 228, 218)",
            },
          ]
        }
      >
        <Text
          style={
            [
              {
                "textAlign": "center",
              },
              {
                "color": "rgb(119, 110, 101)",
              },
              {
                "fontSize": 58.16326530612245,
              },
            ]
          }
        >
          2
        </Text>
      </View>
      <View
        style={
          [
            {
              "backgroundColor": "white",
              "borderRadius": 10,
              "justifyContent": "center",
              "textAlign": "center",
              "width": "22%",
            },
            {
              "backgroundColor": "rgb(214, 205, 196)",
            },
          ]
        }
      >
        <Text
          style={
            [
              {
                "textAlign": "center",
              },
              {
                "color": "rgb(119, 110, 101)",
              },
              {
                "fontSize": 58.16326530612245,
              },
            ]
          }
        />
      </View>
    </View>
    <View
      style={
        {
          "flexDirection": "row",
          "height": "22%",
          "justifyContent": "space-evenly",
        }
      }
    >
      <View
        style={
          [
            {
              "backgroundColor": "white",
              "borderRadius": 10,
              "justifyContent": "center",
              "textAlign": "center",
              "width": "22%",
            },
            {
              "backgroundColor": "rgb(236, 224, 200)",
            },
          ]
        }
      >
        <Text
          style={
            [
              {
                "textAlign": "center",
              },
              {
                "color": "rgb(119, 110, 101)",
              },
              {
                "fontSize": 58.16326530612245,
              },
            ]
          }
        >
          4
        </Text>
      </View>
      <View
        style={
          [
            {
              "backgroundColor": "white",
              "borderRadius": 10,
              "justifyContent": "center",
              "textAlign": "center",
              "width": "22%",
            },
            {
              "backgroundColor": "rgb(214, 205, 196)",
            },
          ]
        }
      >
        <Text
          style={
            [
              {
                "textAlign": "center",
              },
              {
                "color": "rgb(119, 110, 101)",
              },
              {
                "fontSize": 58.16326530612245,
              },
            ]
          }
        />
      </View>
      <View
        style={
          [
            {
              "backgroundColor": "white",
              "borderRadius": 10,
              "justifyContent": "center",
              "textAlign": "center",
              "width": "22%",
            },
            {
              "backgroundColor": "rgb(236, 224, 200)",
            },
          ]
        }
      >
        <Text
          style={
            [
              {
                "textAlign": "center",
              },
              {
                "color": "rgb(119, 110, 101)",
              },
              {
                "fontSize": 58.16326530612245,
              },
            ]
          }
        >
          4
        </Text>
      </View>
      <View
        style={
          [
            {
              "backgroundColor": "white",
              "borderRadius": 10,
              "justifyContent": "center",
              "textAlign": "center",
              "width": "22%",
            },
            {
              "backgroundColor": "rgb(214, 205, 196)",
            },
          ]
        }
      >
        <Text
          style={
            [
              {
                "textAlign": "center",
              },
              {
                "color": "rgb(119, 110, 101)",
              },
              {
                "fontSize": 58.16326530612245,
              },
            ]
          }
        />
      </View>
    </View>
    <View
      style={
        {
          "flexDirection": "row",
          "height": "22%",
          "justifyContent": "space-evenly",
        }
      }
    >
      <View
        style={
          [
            {
              "backgroundColor": "white",
              "borderRadius": 10,
              "justifyContent": "center",
              "textAlign": "center",
              "width": "22%",
            },
            {
              "backgroundColor": "rgb(242, 177, 121)",
            },
          ]
        }
      >
        <Text
          style={
            [
              {
                "textAlign": "center",
              },
              {
                "color": "rgb(249, 246, 241)",
              },
              {
                "fontSize": 58.16326530612245,
              },
            ]
          }
        >
          8
        </Text>
      </View>
      <View
        style={
          [
            {
              "backgroundColor": "white",
              "borderRadius": 10,
              "justifyContent": "center",
              "textAlign": "center",
              "width": "22%",
            },
            {
              "backgroundColor": "rgb(236, 224, 200)",
            },
          ]
        }
      >
        <Text
          style={
            [
              {
                "textAlign": "center",
              },
              {
                "color": "rgb(119, 110, 101)",
              },
              {
                "fontSize": 58.16326530612245,
              },
            ]
          }
        >
          4
        </Text>
      </View>
      <View
        style={
          [
            {
              "backgroundColor": "white",
              "borderRadius": 10,
              "justifyContent": "center",
              "textAlign": "center",
              "width": "22%",
            },
            {
              "backgroundColor": "rgb(242, 177, 121)",
            },
          ]
        }
      >
        <Text
          style={
            [
              {
                "textAlign": "center",
              },
              {
                "color": "rgb(249, 246, 241)",
              },
              {
                "fontSize": 58.16326530612245,
              },
            ]
          }
        >
          8
        </Text>
      </View>
      <View
        style={
          [
            {
              "backgroundColor": "white",
              "borderRadius": 10,
              "justifyContent": "center",
              "textAlign": "center",
              "width": "22%",
            },
            {
              "backgroundColor": "rgb(245, 149, 99)",
            },
          ]
        }
      >
        <Text
          style={
            [
              {
                "textAlign": "center",
              },
              {
                "color": "rgb(249, 246, 241)",
              },
              {
                "fontSize": 58.16326530612245,
              },
            ]
          }
        >
          16
        </Text>
      </View>
    </View>
    <View
      style={
        {
          "flexDirection": "row",
          "height": "22%",
          "justifyContent": "space-evenly",
        }
      }
    >
      <View
        style={
          [
            {
              "backgroundColor": "white",
              "borderRadius": 10,
              "justifyContent": "center",
              "textAlign": "center",
              "width": "22%",
            },
            {
              "backgroundColor": "rgb(246, 93, 59)",
            },
          ]
        }
      >
        <Text
          style={
            [
              {
                "textAlign": "center",
              },
              {
                "color": "rgb(249, 246, 241)",
              },
              {
                "fontSize": 58.16326530612245,
              },
            ]
          }
        >
          64
        </Text>
      </View>
      <View
        style={
          [
            {
              "backgroundColor": "white",
              "borderRadius": 10,
              "justifyContent": "center",
              "textAlign": "center",
              "width": "22%",
            },
            {
              "backgroundColor": "rgb(242, 177, 121)",
            },
          ]
        }
      >
        <Text
          style={
            [
              {
                "textAlign": "center",
              },
              {
                "color": "rgb(249, 246, 241)",
              },
              {
                "fontSize": 58.16326530612245,
              },
            ]
          }
        >
          8
        </Text>
      </View>
      <View
        style={
          [
            {
              "backgroundColor": "white",
              "borderRadius": 10,
              "justifyContent": "center",
              "textAlign": "center",
              "width": "22%",
            },
            {
              "backgroundColor": "rgb(245, 124, 95)",
            },
          ]
        }
      >
        <Text
          style={
            [
              {
                "textAlign": "center",
              },
              {
                "color": "rgb(249, 246, 241)",
              },
              {
                "fontSize": 58.16326530612245,
              },
            ]
          }
        >
          32
        </Text>
      </View>
      <View
        style={
          [
            {
              "backgroundColor": "white",
              "borderRadius": 10,
              "justifyContent": "center",
              "textAlign": "center",
              "width": "22%",
            },
            {
              "backgroundColor": "rgb(245, 124, 95)",
            },
          ]
        }
      >
        <Text
          style={
            [
              {
                "textAlign": "center",
              },
              {
                "color": "rgb(249, 246, 241)",
              },
              {
                "fontSize": 58.16326530612245,
              },
            ]
          }
        >
          32
        </Text>
      </View>
    </View>
  </View>
</View>
`;
